+ analyze_power_grid -net VPWR -voltage_file /foss/designs/CSA_RTL_GDS/config/runs/RUN_2026-08-15_23-24-12/56-openroad-irdropreport/net-VPWR.csv
[INFO PSM-0040] All shapes on net VPWR are connected.
########## IR report #################
Net              : VPWR
Corner           : nom_tt_025C_1v80
Total power      : 3.72e-03 W
Supply voltage   : 1.80e+00 V
Worstcase voltage: 1.80e+00 V
Average voltage  : 1.80e+00 V
Average IR drop  : 7.68e-04 V
Worstcase IR drop: 1.93e-03 V
Percentage drop  : 0.11 %
######################################
+ analyze_power_grid -net VGND -voltage_file /foss/designs/CSA_RTL_GDS/config/runs/RUN_2026-08-15_23-24-12/56-openroad-irdropreport/net-VGND.csv
[INFO PSM-0040] All shapes on net VGND are connected.
########## IR report #################
Net              : VGND
Corner           : nom_tt_025C_1v80
Total power      : 3.72e-03 W
Supply voltage   : 0.00e+00 V
Worstcase voltage: 1.43e-03 V
Average voltage  : 7.06e-04 V
Average IR drop  : 7.06e-04 V
Worstcase IR drop: 1.43e-03 V
Percentage drop  : 0.08 %
######################################
