125. Printing statistics.

=== top_module ===

        +----------Local Count, excluding submodules.
        |        +-Local Area, excluding submodules.
        |        | 
      211        - wires
      304        - wire bits
       21        - public wires
      114        - public wire bits
        5        - ports
       98        - port bits
      239  2023.19 cells
        1    10.01   sky130_fd_sc_hd__a211o_2
        1    10.01   sky130_fd_sc_hd__a21bo_2
        1    8.758   sky130_fd_sc_hd__a21o_2
        5   43.792   sky130_fd_sc_hd__a21oi_2
        1    10.01   sky130_fd_sc_hd__a22o_2
        2   25.024   sky130_fd_sc_hd__a22oi_2
       10  112.608   sky130_fd_sc_hd__a311o_2
       12  105.101   sky130_fd_sc_hd__a31o_2
       12   90.086   sky130_fd_sc_hd__and2_2
        7   61.309   sky130_fd_sc_hd__and2b_2
        3   22.522   sky130_fd_sc_hd__and3_2
       16   80.077   sky130_fd_sc_hd__buf_2
        7   26.275   sky130_fd_sc_hd__inv_2
       14  157.651   sky130_fd_sc_hd__mux2_1
       42  262.752   sky130_fd_sc_hd__nand2_2
        3   26.275   sky130_fd_sc_hd__nand2b_2
       33  206.448   sky130_fd_sc_hd__nor2_2
        5   43.792   sky130_fd_sc_hd__o21a_2
        2   17.517   sky130_fd_sc_hd__o21ai_2
        1    10.01   sky130_fd_sc_hd__o21ba_2
        1    10.01   sky130_fd_sc_hd__o22a_2
        1   11.261   sky130_fd_sc_hd__o2bb2a_2
        7   78.826   sky130_fd_sc_hd__o311a_2
        4   40.038   sky130_fd_sc_hd__o31a_2
       21  131.376   sky130_fd_sc_hd__or2_2
        2   15.014   sky130_fd_sc_hd__or3_2
       23  374.109   sky130_fd_sc_hd__xnor2_2
        2   32.531   sky130_fd_sc_hd__xor2_2

   Chip area for module '\top_module': 2023.190400
     of which used for sequential elements: 0.000000 (0.00%)

