
===========================================================================
Violator List
============================================================================
[setup in-out] b[0] -> sum[31] : -3.945984
[setup in-out] b[0] -> sum[29] : -3.929081
[setup in-out] b[0] -> sum[30] : -3.929080
[setup in-out] b[0] -> sum[18] : -3.929075
[setup in-out] b[0] -> sum[19] : -3.929075
[setup in-out] b[0] -> sum[20] : -3.929075
[setup in-out] b[0] -> sum[21] : -3.929075
[setup in-out] b[0] -> sum[22] : -3.929075
[setup in-out] b[0] -> sum[23] : -3.929075
[setup in-out] b[0] -> sum[24] : -3.929075
[setup in-out] b[0] -> sum[25] : -3.929075
[setup in-out] b[0] -> sum[26] : -3.929075
[setup in-out] b[0] -> sum[27] : -3.929075
[setup in-out] b[0] -> sum[28] : -3.910246
[setup in-out] b[0] -> sum[16] : -3.884430
[setup in-out] b[0] -> cout : -3.761559
[setup in-out] b[0] -> sum[17] : -3.561059
[setup in-out] b[0] -> sum[14] : -3.246484
[setup in-out] b[0] -> sum[15] : -3.141811
[setup in-out] b[0] -> sum[13] : -2.957614
[setup in-out] b[0] -> sum[11] : -2.886961
[setup in-out] b[0] -> sum[12] : -2.817913
[setup in-out] b[0] -> sum[10] : -2.499091
[setup in-out] b[0] -> sum[8] : -2.349400
[setup in-out] b[0] -> sum[9] : -2.291557
[setup in-out] b[0] -> sum[7] : -1.948640
[setup in-out] b[0] -> sum[6] : -1.585617
[setup in-out] b[0] -> sum[4] : -1.441452
[setup in-out] b[0] -> sum[5] : -1.384192
[setup in-out] b[0] -> sum[3] : -1.234007
[setup in-out] cin -> sum[2] : -1.104622
[setup in-out] b[0] -> sum[0] : -0.931297
[setup in-out] cin -> sum[1] : -0.898543
